  CharacterTracker.h
  ESPHeuristicAnalysis.cpp
  EspReader.cpp
C:\Users\52508\source\repos\EspReader\EspReader\EspReader.cpp(91,13): warning C4273: 'C_GetVersion': inconsistent dll linkage
      C:\Users\52508\source\repos\EspReader\EspReader\EspReader.cpp(30,25):
      see previous definition of 'C_GetVersion'
  
C:\Users\52508\source\repos\EspReader\EspReader\EspReader.cpp(96,5): warning C4273: 'C_GetVersionLength': inconsistent dll linkage
      C:\Users\52508\source\repos\EspReader\EspReader\EspReader.cpp(31,17):
      see previous definition of 'C_GetVersionLength'
  
C:\Users\52508\source\repos\EspReader\EspReader\EspReader.cpp(101,13): warning C4273: 'C_GetFieldReport': inconsistent dll linkage
      C:\Users\52508\source\repos\EspReader\EspReader\EspReader.cpp(39,28):
      see previous definition of 'C_GetFieldReport'
  
C:\Users\52508\source\repos\EspReader\EspReader\EspReader.cpp(114,5): warning C4273: 'C_GetFieldReportLength': inconsistent dll linkage
      C:\Users\52508\source\repos\EspReader\EspReader\EspReader.cpp(40,20):
      see previous definition of 'C_GetFieldReportLength'
  
C:\Users\52508\source\repos\EspReader\EspReader\EspReader.cpp(126,22): warning C4273: 'C_GetSubRecordData_Ptr': inconsistent dll linkage
      C:\Users\52508\source\repos\EspReader\EspReader\EspReader.cpp(52,34):
      see previous definition of 'C_GetSubRecordData_Ptr'
  
C:\Users\52508\source\repos\EspReader\EspReader\EspReader.cpp(133,5): warning C4273: 'C_GetRecordSig': inconsistent dll linkage
      C:\Users\52508\source\repos\EspReader\EspReader\EspReader.cpp(44,17):
      see previous definition of 'C_GetRecordSig'
  
C:\Users\52508\source\repos\EspReader\EspReader\EspReader.cpp(148,5): warning C4273: 'C_SubRecordData_GetStringUtf8': inconsistent dll linkage
      C:\Users\52508\source\repos\EspReader\EspReader\EspReader.cpp(61,17):
      see previous definition of 'C_SubRecordData_GetStringUtf8'
  
C:\Users\52508\source\repos\EspReader\EspReader\EspReader.cpp(165,5): warning C4273: 'C_SubRecordData_GetSigUtf8': inconsistent dll linkage
      C:\Users\52508\source\repos\EspReader\EspReader\EspReader.cpp(62,17):
      see previous definition of 'C_SubRecordData_GetSigUtf8'
  
C:\Users\52508\source\repos\EspReader\EspReader\EspReader.cpp(180,5): warning C4273: 'C_SubRecordData_GetOccurrenceIndex': inconsistent dll linkage
      C:\Users\52508\source\repos\EspReader\EspReader\EspReader.cpp(53,17):
      see previous definition of 'C_SubRecordData_GetOccurrenceIndex'
  
C:\Users\52508\source\repos\EspReader\EspReader\EspReader.cpp(185,5): warning C4273: 'C_SubRecordData_GetIndex': inconsistent dll linkage
      C:\Users\52508\source\repos\EspReader\EspReader\EspReader.cpp(54,17):
      see previous definition of 'C_SubRecordData_GetIndex'
  
C:\Users\52508\source\repos\EspReader\EspReader\EspReader.cpp(190,13): warning C4273: 'C_SubRecordData_GetSig': inconsistent dll linkage
      C:\Users\52508\source\repos\EspReader\EspReader\EspReader.cpp(55,25):
      see previous definition of 'C_SubRecordData_GetSig'
  
C:\Users\52508\source\repos\EspReader\EspReader\EspReader.cpp(196,13): warning C4273: 'C_SubRecordData_GetString': inconsistent dll linkage
      C:\Users\52508\source\repos\EspReader\EspReader\EspReader.cpp(56,25):
      see previous definition of 'C_SubRecordData_GetString'
  
C:\Users\52508\source\repos\EspReader\EspReader\EspReader.cpp(204,6): warning C4273: 'C_SubRecordData_IsLocalized': inconsistent dll linkage
      C:\Users\52508\source\repos\EspReader\EspReader\EspReader.cpp(57,18):
      see previous definition of 'C_SubRecordData_IsLocalized'
  
C:\Users\52508\source\repos\EspReader\EspReader\EspReader.cpp(209,10): warning C4273: 'C_SubRecordData_GetStringID': inconsistent dll linkage
      C:\Users\52508\source\repos\EspReader\EspReader\EspReader.cpp(58,22):
      see previous definition of 'C_SubRecordData_GetStringID'
  
C:\Users\52508\source\repos\EspReader\EspReader\EspReader.cpp(214,5): warning C4273: 'C_SubRecordData_GetDataSize': inconsistent dll linkage
      C:\Users\52508\source\repos\EspReader\EspReader\EspReader.cpp(59,17):
      see previous definition of 'C_SubRecordData_GetDataSize'
  
C:\Users\52508\source\repos\EspReader\EspReader\EspReader.cpp(219,6): warning C4273: 'C_SubRecordData_GetData': inconsistent dll linkage
      C:\Users\52508\source\repos\EspReader\EspReader\EspReader.cpp(60,18):
      see previous definition of 'C_SubRecordData_GetData'
  
C:\Users\52508\source\repos\EspReader\EspReader\EspReader.cpp(231,5): warning C4273: 'C_GetRecordIndex': inconsistent dll linkage
      C:\Users\52508\source\repos\EspReader\EspReader\EspReader.cpp(48,17):
      see previous definition of 'C_GetRecordIndex'
  
C:\Users\52508\source\repos\EspReader\EspReader\EspReader.cpp(237,10): warning C4273: 'C_GetRecordFormID': inconsistent dll linkage
      C:\Users\52508\source\repos\EspReader\EspReader\EspReader.cpp(45,22):
      see previous definition of 'C_GetRecordFormID'
  
C:\Users\52508\source\repos\EspReader\EspReader\EspReader.cpp(243,13): warning C4273: 'C_GetRecordEditorID': inconsistent dll linkage
      C:\Users\52508\source\repos\EspReader\EspReader\EspReader.cpp(46,25):
      see previous definition of 'C_GetRecordEditorID'
  
C:\Users\52508\source\repos\EspReader\EspReader\EspReader.cpp(252,10): warning C4273: 'C_GetRecordFlags': inconsistent dll linkage
      C:\Users\52508\source\repos\EspReader\EspReader\EspReader.cpp(47,22):
      see previous definition of 'C_GetRecordFlags'
  
C:\Users\52508\source\repos\EspReader\EspReader\EspReader.cpp(258,5): warning C4273: 'C_GetSubRecordCount': inconsistent dll linkage
      C:\Users\52508\source\repos\EspReader\EspReader\EspReader.cpp(50,17):
      see previous definition of 'C_GetSubRecordCount'
  
C:\Users\52508\source\repos\EspReader\EspReader\EspReader.cpp(300,5): warning C4273: 'C_GetCharacterCount': inconsistent dll linkage
      C:\Users\52508\source\repos\EspReader\EspReader\EspReader.cpp(64,22):
      see previous definition of 'C_GetCharacterCount'
  
C:\Users\52508\source\repos\EspReader\EspReader\EspReader.cpp(306,10): warning C4273: 'C_GetCharacterFormID': inconsistent dll linkage
      C:\Users\52508\source\repos\EspReader\EspReader\EspReader.cpp(66,22):
      see previous definition of 'C_GetCharacterFormID'
  
C:\Users\52508\source\repos\EspReader\EspReader\EspReader.cpp(312,5): warning C4273: 'C_GetCharacterName': inconsistent dll linkage
      C:\Users\52508\source\repos\EspReader\EspReader\EspReader.cpp(67,22):
      see previous definition of 'C_GetCharacterName'
  
C:\Users\52508\source\repos\EspReader\EspReader\EspReader.cpp(319,5): warning C4273: 'C_GetCharacterEditorID': inconsistent dll linkage
      C:\Users\52508\source\repos\EspReader\EspReader\EspReader.cpp(68,22):
      see previous definition of 'C_GetCharacterEditorID'
  
C:\Users\52508\source\repos\EspReader\EspReader\EspReader.cpp(326,5): warning C4273: 'C_GetCharacterVoiceType': inconsistent dll linkage
      C:\Users\52508\source\repos\EspReader\EspReader\EspReader.cpp(69,22):
      see previous definition of 'C_GetCharacterVoiceType'
  
C:\Users\52508\source\repos\EspReader\EspReader\EspReader.cpp(333,5): warning C4273: 'C_GetCharacterGender': inconsistent dll linkage
      C:\Users\52508\source\repos\EspReader\EspReader\EspReader.cpp(70,22):
      see previous definition of 'C_GetCharacterGender'
  
C:\Users\52508\source\repos\EspReader\EspReader\EspReader.cpp(345,5): warning C4273: 'C_GetCharacterLinkedInfoCount': inconsistent dll linkage
      C:\Users\52508\source\repos\EspReader\EspReader\EspReader.cpp(72,22):
      see previous definition of 'C_GetCharacterLinkedInfoCount'
  
C:\Users\52508\source\repos\EspReader\EspReader\EspReader.cpp(351,10): warning C4273: 'C_GetCharacterLinkedInfo': inconsistent dll linkage
      C:\Users\52508\source\repos\EspReader\EspReader\EspReader.cpp(73,22):
      see previous definition of 'C_GetCharacterLinkedInfo'
  
C:\Users\52508\source\repos\EspReader\EspReader\EspReader.cpp(358,5): warning C4273: 'C_GetCharacterLinkedFactionCount': inconsistent dll linkage
      C:\Users\52508\source\repos\EspReader\EspReader\EspReader.cpp(74,22):
      see previous definition of 'C_GetCharacterLinkedFactionCount'
  
C:\Users\52508\source\repos\EspReader\EspReader\EspReader.cpp(364,10): warning C4273: 'C_GetCharacterLinkedFaction': inconsistent dll linkage
      C:\Users\52508\source\repos\EspReader\EspReader\EspReader.cpp(75,22):
      see previous definition of 'C_GetCharacterLinkedFaction'
  
C:\Users\52508\source\repos\EspReader\EspReader\EspReader.cpp(371,5): warning C4273: 'C_GetCharacterLinkedRaceCount': inconsistent dll linkage
      C:\Users\52508\source\repos\EspReader\EspReader\EspReader.cpp(76,22):
      see previous definition of 'C_GetCharacterLinkedRaceCount'
  
C:\Users\52508\source\repos\EspReader\EspReader\EspReader.cpp(377,10): warning C4273: 'C_GetCharacterLinkedRace': inconsistent dll linkage
      C:\Users\52508\source\repos\EspReader\EspReader\EspReader.cpp(77,22):
      see previous definition of 'C_GetCharacterLinkedRace'
  
C:\Users\52508\source\repos\EspReader\EspReader\EspReader.cpp(384,5): warning C4273: 'C_GetCharacterLinkedVoiceTypeCount': inconsistent dll linkage
      C:\Users\52508\source\repos\EspReader\EspReader\EspReader.cpp(78,22):
      see previous definition of 'C_GetCharacterLinkedVoiceTypeCount'
  
C:\Users\52508\source\repos\EspReader\EspReader\EspReader.cpp(390,10): warning C4273: 'C_GetCharacterLinkedVoiceType': inconsistent dll linkage
      C:\Users\52508\source\repos\EspReader\EspReader\EspReader.cpp(79,22):
      see previous definition of 'C_GetCharacterLinkedVoiceType'
  
C:\Users\52508\source\repos\EspReader\EspReader\EspReader.cpp(452,35): warning C4267: 'argument': conversion from 'size_t' to 'mz_ulong', possible loss of data
C:\Users\52508\source\repos\EspReader\EspReader\EspReader.cpp(454,49): warning C4267: 'argument': conversion from 'size_t' to 'mz_ulong', possible loss of data
C:\Users\52508\source\repos\EspReader\EspReader\EspReader.cpp(901,5): warning C4273: 'C_ReadEsp': inconsistent dll linkage
      C:\Users\52508\source\repos\EspReader\EspReader\EspReader.cpp(38,17):
      see previous definition of 'C_ReadEsp'
  
C:\Users\52508\source\repos\EspReader\EspReader\EspReader.cpp(906,6): warning C4273: 'C_InitDefaultFilter': inconsistent dll linkage
      C:\Users\52508\source\repos\EspReader\EspReader\EspReader.cpp(34,18):
      see previous definition of 'C_InitDefaultFilter'
  
C:\Users\52508\source\repos\EspReader\EspReader\EspReader.cpp(912,6): warning C4273: 'C_ClearFilter': inconsistent dll linkage
      C:\Users\52508\source\repos\EspReader\EspReader\EspReader.cpp(37,18):
      see previous definition of 'C_ClearFilter'
  
C:\Users\52508\source\repos\EspReader\EspReader\EspReader.cpp(929,5): warning C4273: 'C_SetDefaultFilter': inconsistent dll linkage
      C:\Users\52508\source\repos\EspReader\EspReader\EspReader.cpp(35,17):
      see previous definition of 'C_SetDefaultFilter'
  
C:\Users\52508\source\repos\EspReader\EspReader\EspReader.cpp(988,6): warning C4273: 'C_SetFilter': inconsistent dll linkage
      C:\Users\52508\source\repos\EspReader\EspReader\EspReader.cpp(36,17):
      see previous definition of 'C_SetFilter'
  
C:\Users\52508\source\repos\EspReader\EspReader\EspReader.cpp(1001,19): warning C4267: 'return': conversion from 'size_t' to 'int', possible loss of data
C:\Users\52508\source\repos\EspReader\EspReader\EspReader.cpp(1023,15): warning C4267: 'initializing': conversion from 'size_t' to 'int', possible loss of data
C:\Users\52508\source\repos\EspReader\EspReader\EspReader.cpp(1046,6): warning C4273: 'C_Init': inconsistent dll linkage
      C:\Users\52508\source\repos\EspReader\EspReader\EspReader.cpp(33,18):
      see previous definition of 'C_Init'
  
C:\Users\52508\source\repos\EspReader\EspReader\EspReader.cpp(1051,6): warning C4273: 'C_Close': inconsistent dll linkage
      C:\Users\52508\source\repos\EspReader\EspReader\EspReader.cpp(86,18):
      see previous definition of 'C_Close'
  
C:\Users\52508\source\repos\EspReader\EspReader\EspReader.cpp(1062,13): warning C4273: 'C_SearchBySig': inconsistent dll linkage
      C:\Users\52508\source\repos\EspReader\EspReader\EspReader.cpp(41,25):
      see previous definition of 'C_SearchBySig'
  
C:\Users\52508\source\repos\EspReader\EspReader\EspReader.cpp(1079,6): warning C4273: 'FreeSearchResults': inconsistent dll linkage
      C:\Users\52508\source\repos\EspReader\EspReader\EspReader.cpp(42,18):
      see previous definition of 'FreeSearchResults'
  
C:\Users\52508\source\repos\EspReader\EspReader\EspReader.cpp(1166,11): warning C4267: 'initializing': conversion from 'size_t' to 'int', possible loss of data
C:\Users\52508\source\repos\EspReader\EspReader\EspReader.cpp(1184,6): warning C4273: 'C_ModifySubRecordByOffset': inconsistent dll linkage
      C:\Users\52508\source\repos\EspReader\EspReader\EspReader.cpp(81,18):
      see previous definition of 'C_ModifySubRecordByOffset'
  
C:\Users\52508\source\repos\EspReader\EspReader\EspReader.cpp(1189,6): warning C4273: 'C_ModifySubRecord': inconsistent dll linkage
      C:\Users\52508\source\repos\EspReader\EspReader\EspReader.cpp(82,18):
      see previous definition of 'C_ModifySubRecord'
  
C:\Users\52508\source\repos\EspReader\EspReader\EspReader.cpp(1204,15): warning C4267: 'initializing': conversion from 'size_t' to 'int', possible loss of data
C:\Users\52508\source\repos\EspReader\EspReader\EspReader.cpp(1234,15): warning C4267: 'initializing': conversion from 'size_t' to 'int', possible loss of data
C:\Users\52508\source\repos\EspReader\EspReader\EspReader.cpp(1258,6): warning C4273: 'C_SaveEsp': inconsistent dll linkage
      C:\Users\52508\source\repos\EspReader\EspReader\EspReader.cpp(83,18):
      see previous definition of 'C_SaveEsp'
  
C:\Users\52508\source\repos\EspReader\EspReader\EspReader.cpp(1285,6): warning C4273: 'C_Clear': inconsistent dll linkage
      C:\Users\52508\source\repos\EspReader\EspReader\EspReader.cpp(85,18):
      see previous definition of 'C_Clear'
  
  TextHelper.cpp
  Generating Code...
  miniz.c
     Creating library C:\Users\52508\source\repos\EspReader\x64\Debug\EspReader.lib and object C:\Users\52508\source\repos\EspReader\x64\Debug\EspReader.exp
  EspReader.vcxproj -> C:\Users\52508\source\repos\EspReader\x64\Debug\EspReader.dll
