  CharacterTracker.h
  ESPHeuristicAnalysis.cpp
  EspReader.cpp
C:\Users\52508\source\repos\EspReader\EspReader\EspReader.cpp(149,38): warning C4267: 'argument': conversion from 'size_t' to 'mz_ulong', possible loss of data
C:\Users\52508\source\repos\EspReader\EspReader\EspReader.cpp(151,52): warning C4267: 'argument': conversion from 'size_t' to 'mz_ulong', possible loss of data
C:\Users\52508\source\repos\EspReader\EspReader\EspReader.cpp(727,14): warning C4273: 'C_CreateInstance': inconsistent dll linkage
      C:\Users\52508\source\repos\EspReader\EspReader\EspReader.cpp(656,29):
      see previous definition of 'C_CreateInstance'
  
C:\Users\52508\source\repos\EspReader\EspReader\EspReader.cpp(728,14): warning C4273: 'C_DestroyInstance': inconsistent dll linkage
      C:\Users\52508\source\repos\EspReader\EspReader\EspReader.cpp(657,29):
      see previous definition of 'C_DestroyInstance'
  
C:\Users\52508\source\repos\EspReader\EspReader\EspReader.cpp(730,13): warning C4273: 'C_GetVersion': inconsistent dll linkage
      C:\Users\52508\source\repos\EspReader\EspReader\EspReader.cpp(660,28):
      see previous definition of 'C_GetVersion'
  
C:\Users\52508\source\repos\EspReader\EspReader\EspReader.cpp(731,14): warning C4273: 'C_GetVersionLength': inconsistent dll linkage
      C:\Users\52508\source\repos\EspReader\EspReader\EspReader.cpp(661,29):
      see previous definition of 'C_GetVersionLength'
  
C:\Users\52508\source\repos\EspReader\EspReader\EspReader.cpp(733,6): warning C4273: 'C_InitDefaultFilter': inconsistent dll linkage
      C:\Users\52508\source\repos\EspReader\EspReader\EspReader.cpp(664,21):
      see previous definition of 'C_InitDefaultFilter'
  
C:\Users\52508\source\repos\EspReader\EspReader\EspReader.cpp(740,5): warning C4273: 'C_SetDefaultFilter': inconsistent dll linkage
      C:\Users\52508\source\repos\EspReader\EspReader\EspReader.cpp(665,21):
      see previous definition of 'C_SetDefaultFilter'
  
C:\Users\52508\source\repos\EspReader\EspReader\EspReader.cpp(763,5): warning C4273: 'C_SetFilter': inconsistent dll linkage
      C:\Users\52508\source\repos\EspReader\EspReader\EspReader.cpp(666,21):
      see previous definition of 'C_SetFilter'
  
C:\Users\52508\source\repos\EspReader\EspReader\EspReader.cpp(772,6): warning C4273: 'C_ClearFilter': inconsistent dll linkage
      C:\Users\52508\source\repos\EspReader\EspReader\EspReader.cpp(667,21):
      see previous definition of 'C_ClearFilter'
  
C:\Users\52508\source\repos\EspReader\EspReader\EspReader.cpp(777,5): warning C4273: 'C_ReadEsp': inconsistent dll linkage
      C:\Users\52508\source\repos\EspReader\EspReader\EspReader.cpp(670,29):
      see previous definition of 'C_ReadEsp'
  
C:\Users\52508\source\repos\EspReader\EspReader\EspReader.cpp(820,6): warning C4273: 'C_SaveEsp': inconsistent dll linkage
      C:\Users\52508\source\repos\EspReader\EspReader\EspReader.cpp(671,29):
      see previous definition of 'C_SaveEsp'
  
C:\Users\52508\source\repos\EspReader\EspReader\EspReader.cpp(822,6): warning C4273: 'C_Clear': inconsistent dll linkage
      C:\Users\52508\source\repos\EspReader\EspReader\EspReader.cpp(672,29):
      see previous definition of 'C_Clear'
  
C:\Users\52508\source\repos\EspReader\EspReader\EspReader.cpp(824,13): warning C4273: 'C_GetFieldReport': inconsistent dll linkage
      C:\Users\52508\source\repos\EspReader\EspReader\EspReader.cpp(675,28):
      see previous definition of 'C_GetFieldReport'
  
C:\Users\52508\source\repos\EspReader\EspReader\EspReader.cpp(829,5): warning C4273: 'C_GetFieldReportLength': inconsistent dll linkage
      C:\Users\52508\source\repos\EspReader\EspReader\EspReader.cpp(676,29):
      see previous definition of 'C_GetFieldReportLength'
  
C:\Users\52508\source\repos\EspReader\EspReader\EspReader.cpp(835,13): warning C4273: 'C_SearchBySig': inconsistent dll linkage
      C:\Users\52508\source\repos\EspReader\EspReader\EspReader.cpp(679,28):
      see previous definition of 'C_SearchBySig'
  
C:\Users\52508\source\repos\EspReader\EspReader\EspReader.cpp(847,6): warning C4273: 'FreeSearchResults': inconsistent dll linkage
      C:\Users\52508\source\repos\EspReader\EspReader\EspReader.cpp(680,29):
      see previous definition of 'FreeSearchResults'
  
C:\Users\52508\source\repos\EspReader\EspReader\EspReader.cpp(855,22): warning C4273: 'C_GetSubRecordData_Ptr': inconsistent dll linkage
      C:\Users\52508\source\repos\EspReader\EspReader\EspReader.cpp(691,37):
      see previous definition of 'C_GetSubRecordData_Ptr'
  
C:\Users\52508\source\repos\EspReader\EspReader\EspReader.cpp(859,5): warning C4273: 'C_GetRecordSig': inconsistent dll linkage
      C:\Users\52508\source\repos\EspReader\EspReader\EspReader.cpp(683,29):
      see previous definition of 'C_GetRecordSig'
  
C:\Users\52508\source\repos\EspReader\EspReader\EspReader.cpp(864,13): warning C4273: 'C_GetRecordFormID': inconsistent dll linkage
      C:\Users\52508\source\repos\EspReader\EspReader\EspReader.cpp(684,29):
      see previous definition of 'C_GetRecordFormID'
  
C:\Users\52508\source\repos\EspReader\EspReader\EspReader.cpp(865,13): warning C4273: 'C_GetRecordEditorID': inconsistent dll linkage
      C:\Users\52508\source\repos\EspReader\EspReader\EspReader.cpp(685,28):
      see previous definition of 'C_GetRecordEditorID'
  
C:\Users\52508\source\repos\EspReader\EspReader\EspReader.cpp(866,13): warning C4273: 'C_GetRecordFlags': inconsistent dll linkage
      C:\Users\52508\source\repos\EspReader\EspReader\EspReader.cpp(686,29):
      see previous definition of 'C_GetRecordFlags'
  
C:\Users\52508\source\repos\EspReader\EspReader\EspReader.cpp(867,13): warning C4273: 'C_GetRecordIndex': inconsistent dll linkage
      C:\Users\52508\source\repos\EspReader\EspReader\EspReader.cpp(687,29):
      see previous definition of 'C_GetRecordIndex'
  
C:\Users\52508\source\repos\EspReader\EspReader\EspReader.cpp(868,13): warning C4273: 'C_GetSubRecordCount': inconsistent dll linkage
      C:\Users\52508\source\repos\EspReader\EspReader\EspReader.cpp(688,29):
      see previous definition of 'C_GetSubRecordCount'
  
C:\Users\52508\source\repos\EspReader\EspReader\EspReader.cpp(870,13): warning C4273: 'C_SubRecordData_GetOccurrenceIndex': inconsistent dll linkage
      C:\Users\52508\source\repos\EspReader\EspReader\EspReader.cpp(692,29):
      see previous definition of 'C_SubRecordData_GetOccurrenceIndex'
  
C:\Users\52508\source\repos\EspReader\EspReader\EspReader.cpp(871,13): warning C4273: 'C_SubRecordData_GetIndex': inconsistent dll linkage
      C:\Users\52508\source\repos\EspReader\EspReader\EspReader.cpp(693,29):
      see previous definition of 'C_SubRecordData_GetIndex'
  
C:\Users\52508\source\repos\EspReader\EspReader\EspReader.cpp(872,13): warning C4273: 'C_SubRecordData_GetSig': inconsistent dll linkage
      C:\Users\52508\source\repos\EspReader\EspReader\EspReader.cpp(694,28):
      see previous definition of 'C_SubRecordData_GetSig'
  
C:\Users\52508\source\repos\EspReader\EspReader\EspReader.cpp(873,13): warning C4273: 'C_SubRecordData_GetString': inconsistent dll linkage
      C:\Users\52508\source\repos\EspReader\EspReader\EspReader.cpp(695,28):
      see previous definition of 'C_SubRecordData_GetString'
  
C:\Users\52508\source\repos\EspReader\EspReader\EspReader.cpp(874,13): warning C4273: 'C_SubRecordData_IsLocalized': inconsistent dll linkage
      C:\Users\52508\source\repos\EspReader\EspReader\EspReader.cpp(696,29):
      see previous definition of 'C_SubRecordData_IsLocalized'
  
C:\Users\52508\source\repos\EspReader\EspReader\EspReader.cpp(875,13): warning C4273: 'C_SubRecordData_GetStringID': inconsistent dll linkage
      C:\Users\52508\source\repos\EspReader\EspReader\EspReader.cpp(697,29):
      see previous definition of 'C_SubRecordData_GetStringID'
  
C:\Users\52508\source\repos\EspReader\EspReader\EspReader.cpp(876,13): warning C4273: 'C_SubRecordData_GetDataSize': inconsistent dll linkage
      C:\Users\52508\source\repos\EspReader\EspReader\EspReader.cpp(698,29):
      see previous definition of 'C_SubRecordData_GetDataSize'
  
C:\Users\52508\source\repos\EspReader\EspReader\EspReader.cpp(877,13): warning C4273: 'C_SubRecordData_GetData': inconsistent dll linkage
      C:\Users\52508\source\repos\EspReader\EspReader\EspReader.cpp(699,29):
      see previous definition of 'C_SubRecordData_GetData'
  
C:\Users\52508\source\repos\EspReader\EspReader\EspReader.cpp(882,5): warning C4273: 'C_SubRecordData_GetStringUtf8': inconsistent dll linkage
      C:\Users\52508\source\repos\EspReader\EspReader\EspReader.cpp(700,29):
      see previous definition of 'C_SubRecordData_GetStringUtf8'
  
C:\Users\52508\source\repos\EspReader\EspReader\EspReader.cpp(887,5): warning C4273: 'C_SubRecordData_GetSigUtf8': inconsistent dll linkage
      C:\Users\52508\source\repos\EspReader\EspReader\EspReader.cpp(701,29):
      see previous definition of 'C_SubRecordData_GetSigUtf8'
  
C:\Users\52508\source\repos\EspReader\EspReader\EspReader.cpp(894,6): warning C4273: 'C_ModifySubRecordByOffset': inconsistent dll linkage
      C:\Users\52508\source\repos\EspReader\EspReader\EspReader.cpp(704,21):
      see previous definition of 'C_ModifySubRecordByOffset'
  
C:\Users\52508\source\repos\EspReader\EspReader\EspReader.cpp(914,6): warning C4273: 'C_ModifySubRecord': inconsistent dll linkage
      C:\Users\52508\source\repos\EspReader\EspReader\EspReader.cpp(705,21):
      see previous definition of 'C_ModifySubRecord'
  
C:\Users\52508\source\repos\EspReader\EspReader\EspReader.cpp(942,6): warning C4273: 'C_ClearCharacterTracker': inconsistent dll linkage
      C:\Users\52508\source\repos\EspReader\EspReader\EspReader.cpp(708,25):
      see previous definition of 'C_ClearCharacterTracker'
  
C:\Users\52508\source\repos\EspReader\EspReader\EspReader.cpp(949,10): warning C4273: 'C_GetCharacterCount': inconsistent dll linkage
      C:\Users\52508\source\repos\EspReader\EspReader\EspReader.cpp(709,25):
      see previous definition of 'C_GetCharacterCount'
  
C:\Users\52508\source\repos\EspReader\EspReader\EspReader.cpp(950,10): warning C4273: 'C_GetCharacterFormID': inconsistent dll linkage
      C:\Users\52508\source\repos\EspReader\EspReader\EspReader.cpp(710,25):
      see previous definition of 'C_GetCharacterFormID'
  
C:\Users\52508\source\repos\EspReader\EspReader\EspReader.cpp(951,10): warning C4273: 'C_GetCharacterName': inconsistent dll linkage
      C:\Users\52508\source\repos\EspReader\EspReader\EspReader.cpp(711,25):
      see previous definition of 'C_GetCharacterName'
  
C:\Users\52508\source\repos\EspReader\EspReader\EspReader.cpp(952,10): warning C4273: 'C_GetCharacterEditorID': inconsistent dll linkage
      C:\Users\52508\source\repos\EspReader\EspReader\EspReader.cpp(712,25):
      see previous definition of 'C_GetCharacterEditorID'
  
C:\Users\52508\source\repos\EspReader\EspReader\EspReader.cpp(953,10): warning C4273: 'C_GetCharacterVoiceType': inconsistent dll linkage
      C:\Users\52508\source\repos\EspReader\EspReader\EspReader.cpp(713,25):
      see previous definition of 'C_GetCharacterVoiceType'
  
C:\Users\52508\source\repos\EspReader\EspReader\EspReader.cpp(954,10): warning C4273: 'C_GetCharacterGender': inconsistent dll linkage
      C:\Users\52508\source\repos\EspReader\EspReader\EspReader.cpp(714,25):
      see previous definition of 'C_GetCharacterGender'
  
C:\Users\52508\source\repos\EspReader\EspReader\EspReader.cpp(958,10): warning C4273: 'C_GetCharacterLinkedInfoCount': inconsistent dll linkage
      C:\Users\52508\source\repos\EspReader\EspReader\EspReader.cpp(715,25):
      see previous definition of 'C_GetCharacterLinkedInfoCount'
  
C:\Users\52508\source\repos\EspReader\EspReader\EspReader.cpp(959,10): warning C4273: 'C_GetCharacterLinkedInfo': inconsistent dll linkage
      C:\Users\52508\source\repos\EspReader\EspReader\EspReader.cpp(716,25):
      see previous definition of 'C_GetCharacterLinkedInfo'
  
C:\Users\52508\source\repos\EspReader\EspReader\EspReader.cpp(960,10): warning C4273: 'C_GetCharacterLinkedFactionCount': inconsistent dll linkage
      C:\Users\52508\source\repos\EspReader\EspReader\EspReader.cpp(717,25):
      see previous definition of 'C_GetCharacterLinkedFactionCount'
  
C:\Users\52508\source\repos\EspReader\EspReader\EspReader.cpp(961,10): warning C4273: 'C_GetCharacterLinkedFaction': inconsistent dll linkage
      C:\Users\52508\source\repos\EspReader\EspReader\EspReader.cpp(718,25):
      see previous definition of 'C_GetCharacterLinkedFaction'
  
C:\Users\52508\source\repos\EspReader\EspReader\EspReader.cpp(962,10): warning C4273: 'C_GetCharacterLinkedRaceCount': inconsistent dll linkage
      C:\Users\52508\source\repos\EspReader\EspReader\EspReader.cpp(719,25):
      see previous definition of 'C_GetCharacterLinkedRaceCount'
  
C:\Users\52508\source\repos\EspReader\EspReader\EspReader.cpp(963,10): warning C4273: 'C_GetCharacterLinkedRace': inconsistent dll linkage
      C:\Users\52508\source\repos\EspReader\EspReader\EspReader.cpp(720,25):
      see previous definition of 'C_GetCharacterLinkedRace'
  
C:\Users\52508\source\repos\EspReader\EspReader\EspReader.cpp(964,10): warning C4273: 'C_GetCharacterLinkedVoiceTypeCount': inconsistent dll linkage
      C:\Users\52508\source\repos\EspReader\EspReader\EspReader.cpp(721,25):
      see previous definition of 'C_GetCharacterLinkedVoiceTypeCount'
  
C:\Users\52508\source\repos\EspReader\EspReader\EspReader.cpp(965,10): warning C4273: 'C_GetCharacterLinkedVoiceType': inconsistent dll linkage
      C:\Users\52508\source\repos\EspReader\EspReader\EspReader.cpp(722,25):
      see previous definition of 'C_GetCharacterLinkedVoiceType'
  
  TextHelper.cpp
  miniz.c
     Creating library C:\Users\52508\source\repos\EspReader\x64\Release\EspReader.lib and object C:\Users\52508\source\repos\EspReader\x64\Release\EspReader.exp
EspReader.obj : error LNK2001: unresolved external symbol "public: static class CharacterTracker * EspRecord::GlobalCharacterTracker" (?GlobalCharacterTracker@EspRecord@@2PEAVCharacterTracker@@EA)
C:\Users\52508\source\repos\EspReader\x64\Release\EspReader.dll : fatal error LNK1120: 1 unresolved externals
